Archive member included to satisfy reference by file (symbol)

C:/ST/STM32CubeIDE_1.14.0/STM32CubeIDE/plugins/com.st.stm32cube.ide.mcu.externaltools.gnu-tools-for-stm32.11.3.rel1.win32_1.1.100.202309141235/tools/bin/../lib/gcc/arm-none-eabi/11.3.1/../../../../arm-none-eabi/lib/thumb/v7e-m+fp/hard\libc_nano.a(libc_a-exit.o)
                              C:/ST/STM32CubeIDE_1.14.0/STM32CubeIDE/plugins/com.st.stm32cube.ide.mcu.externaltools.gnu-tools-for-stm32.11.3.rel1.win32_1.1.100.202309141235/tools/bin/../lib/gcc/arm-none-eabi/11.3.1/../../../../arm-none-eabi/lib/thumb/v7e-m+fp/hard/crt0.o (exit)
C:/ST/STM32CubeIDE_1.14.0/STM32CubeIDE/plugins/com.st.stm32cube.ide.mcu.externaltools.gnu-tools-for-stm32.11.3.rel1.win32_1.1.100.202309141235/tools/bin/../lib/gcc/arm-none-eabi/11.3.1/../../../../arm-none-eabi/lib/thumb/v7e-m+fp/hard\libc_nano.a(libc_a-findfp.o)
                              C:/ST/STM32CubeIDE_1.14.0/STM32CubeIDE/plugins/com.st.stm32cube.ide.mcu.externaltools.gnu-tools-for-stm32.11.3.rel1.win32_1.1.100.202309141235/tools/bin/../lib/gcc/arm-none-eabi/11.3.1/../../../../arm-none-eabi/lib/thumb/v7e-m+fp/hard\libc_nano.a(libc_a-exit.o) (__stdio_exit_handler)
C:/ST/STM32CubeIDE_1.14.0/STM32CubeIDE/plugins/com.st.stm32cube.ide.mcu.externaltools.gnu-tools-for-stm32.11.3.rel1.win32_1.1.100.202309141235/tools/bin/../lib/gcc/arm-none-eabi/11.3.1/../../../../arm-none-eabi/lib/thumb/v7e-m+fp/hard\libc_nano.a(libc_a-fwalk.o)
                              C:/ST/STM32CubeIDE_1.14.0/STM32CubeIDE/plugins/com.st.stm32cube.ide.mcu.externaltools.gnu-tools-for-stm32.11.3.rel1.win32_1.1.100.202309141235/tools/bin/../lib/gcc/arm-none-eabi/11.3.1/../../../../arm-none-eabi/lib/thumb/v7e-m+fp/hard\libc_nano.a(libc_a-findfp.o) (_fwalk_sglue)
C:/ST/STM32CubeIDE_1.14.0/STM32CubeIDE/plugins/com.st.stm32cube.ide.mcu.externaltools.gnu-tools-for-stm32.11.3.rel1.win32_1.1.100.202309141235/tools/bin/../lib/gcc/arm-none-eabi/11.3.1/../../../../arm-none-eabi/lib/thumb/v7e-m+fp/hard\libc_nano.a(libc_a-stdio.o)
                              C:/ST/STM32CubeIDE_1.14.0/STM32CubeIDE/plugins/com.st.stm32cube.ide.mcu.externaltools.gnu-tools-for-stm32.11.3.rel1.win32_1.1.100.202309141235/tools/bin/../lib/gcc/arm-none-eabi/11.3.1/../../../../arm-none-eabi/lib/thumb/v7e-m+fp/hard\libc_nano.a(libc_a-findfp.o) (__sread)
C:/ST/STM32CubeIDE_1.14.0/STM32CubeIDE/plugins/com.st.stm32cube.ide.mcu.externaltools.gnu-tools-for-stm32.11.3.rel1.win32_1.1.100.202309141235/tools/bin/../lib/gcc/arm-none-eabi/11.3.1/../../../../arm-none-eabi/lib/thumb/v7e-m+fp/hard\libc_nano.a(libc_a-memset.o)
                              C:/ST/STM32CubeIDE_1.14.0/STM32CubeIDE/plugins/com.st.stm32cube.ide.mcu.externaltools.gnu-tools-for-stm32.11.3.rel1.win32_1.1.100.202309141235/tools/bin/../lib/gcc/arm-none-eabi/11.3.1/../../../../arm-none-eabi/lib/thumb/v7e-m+fp/hard/crt0.o (memset)
C:/ST/STM32CubeIDE_1.14.0/STM32CubeIDE/plugins/com.st.stm32cube.ide.mcu.externaltools.gnu-tools-for-stm32.11.3.rel1.win32_1.1.100.202309141235/tools/bin/../lib/gcc/arm-none-eabi/11.3.1/../../../../arm-none-eabi/lib/thumb/v7e-m+fp/hard\libc_nano.a(libc_a-closer.o)
                              C:/ST/STM32CubeIDE_1.14.0/STM32CubeIDE/plugins/com.st.stm32cube.ide.mcu.externaltools.gnu-tools-for-stm32.11.3.rel1.win32_1.1.100.202309141235/tools/bin/../lib/gcc/arm-none-eabi/11.3.1/../../../../arm-none-eabi/lib/thumb/v7e-m+fp/hard\libc_nano.a(libc_a-stdio.o) (_close_r)
C:/ST/STM32CubeIDE_1.14.0/STM32CubeIDE/plugins/com.st.stm32cube.ide.mcu.externaltools.gnu-tools-for-stm32.11.3.rel1.win32_1.1.100.202309141235/tools/bin/../lib/gcc/arm-none-eabi/11.3.1/../../../../arm-none-eabi/lib/thumb/v7e-m+fp/hard\libc_nano.a(libc_a-reent.o)
                              C:/ST/STM32CubeIDE_1.14.0/STM32CubeIDE/plugins/com.st.stm32cube.ide.mcu.externaltools.gnu-tools-for-stm32.11.3.rel1.win32_1.1.100.202309141235/tools/bin/../lib/gcc/arm-none-eabi/11.3.1/../../../../arm-none-eabi/lib/thumb/v7e-m+fp/hard\libc_nano.a(libc_a-closer.o) (errno)
C:/ST/STM32CubeIDE_1.14.0/STM32CubeIDE/plugins/com.st.stm32cube.ide.mcu.externaltools.gnu-tools-for-stm32.11.3.rel1.win32_1.1.100.202309141235/tools/bin/../lib/gcc/arm-none-eabi/11.3.1/../../../../arm-none-eabi/lib/thumb/v7e-m+fp/hard\libc_nano.a(libc_a-impure.o)
                              C:/ST/STM32CubeIDE_1.14.0/STM32CubeIDE/plugins/com.st.stm32cube.ide.mcu.externaltools.gnu-tools-for-stm32.11.3.rel1.win32_1.1.100.202309141235/tools/bin/../lib/gcc/arm-none-eabi/11.3.1/../../../../arm-none-eabi/lib/thumb/v7e-m+fp/hard\libc_nano.a(libc_a-reent.o) (_impure_ptr)
C:/ST/STM32CubeIDE_1.14.0/STM32CubeIDE/plugins/com.st.stm32cube.ide.mcu.externaltools.gnu-tools-for-stm32.11.3.rel1.win32_1.1.100.202309141235/tools/bin/../lib/gcc/arm-none-eabi/11.3.1/../../../../arm-none-eabi/lib/thumb/v7e-m+fp/hard\libc_nano.a(libc_a-lseekr.o)
[...]
Memory Configuration

Name             Origin             Length             Attributes
CCMRAM           0x0000000010000000 0x0000000000010000 xrw
RAM              0x0000000020000000 0x0000000000050000 xrw
ROM              0x0000000008000000 0x0000000000200000 xr
*default*        0x0000000000000000 0xffffffffffffffff

Linker script and memory map

LOAD C:/ST/STM32CubeIDE_1.14.0/STM32CubeIDE/plugins/com.st.stm32cube.ide.mcu.externaltools.gnu-tools-for-stm32.11.3.rel1.win32_1.1.100.202309141235/tools/bin/../lib/gcc/arm-none-eabi/11.3.1/thumb/v7e-m+fp/hard/crti.o
LOAD C:/ST/STM32CubeIDE_1.14.0/STM32CubeIDE/plugins/com.st.stm32cube.ide.mcu.externaltools.gnu-tools-for-stm32.11.3.rel1.win32_1.1.100.202309141235/tools/bin/../lib/gcc/arm-none-eabi/11.3.1/thumb/v7e-m+fp/hard/crtbegin.o
LOAD C:/ST/STM32CubeIDE_1.14.0/STM32CubeIDE/plugins/com.st.stm32cube.ide.mcu.externaltools.gnu-tools-for-stm32.11.3.rel1.win32_1.1.100.202309141235/tools/bin/../lib/gcc/arm-none-eabi/11.3.1/../../../../arm-none-eabi/lib/thumb/v7e-m+fp/hard/crt0.o
LOAD ./Drivers/BSP/STM32469I-Discovery/stm32469i_discovery.o
LOAD ./Drivers/CMSIS/system_stm32f4xx.o
LOAD ./Drivers/STM32F4xx_HAL_Driver/stm32f4xx_hal.o
LOAD ./Drivers/STM32F4xx_HAL_Driver/stm32f4xx_hal_cortex.o
LOAD ./Drivers/STM32F4xx_HAL_Driver/stm32f4xx_hal_dma.o
LOAD ./Drivers/STM32F4xx_HAL_Driver/stm32f4xx_hal_dma_ex.o
LOAD ./Drivers/STM32F4xx_HAL_Driver/stm32f4xx_hal_gpio.o
LOAD ./Drivers/STM32F4xx_HAL_Driver/stm32f4xx_hal_i2c.o
LOAD ./Drivers/STM32F4xx_HAL_Driver/stm32f4xx_hal_pwr.o
LOAD ./Drivers/STM32F4xx_HAL_Driver/stm32f4xx_hal_pwr_ex.o
LOAD ./Drivers/STM32F4xx_HAL_Driver/stm32f4xx_hal_rcc.o
LOAD ./Drivers/STM32F4xx_HAL_Driver/stm32f4xx_hal_rcc_ex.o
LOAD ./Example/Startup/startup_stm32f469nihx.o
LOAD ./Example/User/main.o
LOAD ./Example/User/stm32f4xx_it.o
LOAD ./Example/User/syscalls.o
LOAD ./Example/User/sysmem.o
START GROUP
LOAD C:/ST/STM32CubeIDE_1.14.0/STM32CubeIDE/plugins/com.st.stm32cube.ide.mcu.externaltools.gnu-tools-for-stm32.11.3.rel1.win32_1.1.100.202309141235/tools/bin/../lib/gcc/arm-none-eabi/11.3.1/../../../../arm-none-eabi/lib/thumb/v7e-m+fp/hard\libstdc++_nano.a
LOAD C:/ST/STM32CubeIDE_1.14.0/STM32CubeIDE/plugins/com.st.stm32cube.ide.mcu.externaltools.gnu-tools-for-stm32.11.3.rel1.win32_1.1.100.202309141235/tools/bin/../lib/gcc/arm-none-eabi/11.3.1/../../../../arm-none-eabi/lib/thumb/v7e-m+fp/hard\libsupc++_nano.a
END GROUP
LOAD C:/ST/STM32CubeIDE_1.14.0/STM32CubeIDE/plugins/com.st.stm32cube.ide.mcu.externaltools.gnu-tools-for-stm32.11.3.rel1.win32_1.1.100.202309141235/tools/bin/../lib/gcc/arm-none-eabi/11.3.1/../../../../arm-none-eabi/lib/thumb/v7e-m+fp/hard\libstdc++_nano.a
LOAD C:/ST/STM32CubeIDE_1.14.0/STM32CubeIDE/plugins/com.st.stm32cube.ide.mcu.externaltools.gnu-tools-for-stm32.11.3.rel1.win32_1.1.100.202309141235/tools/bin/../lib/gcc/arm-none-eabi/11.3.1/../../../../arm-none-eabi/lib/thumb/v7e-m+fp/hard\libm.a
LOAD C:/ST/STM32CubeIDE_1.14.0/STM32CubeIDE/plugins/com.st.stm32cube.ide.mcu.externaltools.gnu-tools-for-stm32.11.3.rel1.win32_1.1.100.202309141235/tools/bin/../lib/gcc/arm-none-eabi/11.3.1/../../../../arm-none-eabi/lib/thumb/v7e-m+fp/hard\libc_nano.a
START GROUP
LOAD C:/ST/STM32CubeIDE_1.14.0/STM32CubeIDE/plugins/com.st.stm32cube.ide.mcu.externaltools.gnu-tools-for-stm32.11.3.rel1.win32_1.1.100.202309141235/tools/bin/../lib/gcc/arm-none-eabi/11.3.1/thumb/v7e-m+fp/hard\libgcc.a
LOAD C:/ST/STM32CubeIDE_1.14.0/STM32CubeIDE/plugins/com.st.stm32cube.ide.mcu.externaltools.gnu-tools-for-stm32.11.3.rel1.win32_1.1.100.202309141235/tools/bin/../lib/gcc/arm-none-eabi/11.3.1/../../../../arm-none-eabi/lib/thumb/v7e-m+fp/hard\libc_nano.a
END GROUP
START GROUP
LOAD C:/ST/STM32CubeIDE_1.14.0/STM32CubeIDE/plugins/com.st.stm32cube.ide.mcu.externaltools.gnu-tools-for-stm32.11.3.rel1.win32_1.1.100.202309141235/tools/bin/../lib/gcc/arm-none-eabi/11.3.1/thumb/v7e-m+fp/hard\libgcc.a
LOAD C:/ST/STM32CubeIDE_1.14.0/STM32CubeIDE/plugins/com.st.stm32cube.ide.mcu.externaltools.gnu-tools-for-stm32.11.3.rel1.win32_1.1.100.202309141235/tools/bin/../lib/gcc/arm-none-eabi/11.3.1/../../../../arm-none-eabi/lib/thumb/v7e-m+fp/hard\libc_nano.a
END GROUP
LOAD C:/ST/STM32CubeIDE_1.14.0/STM32CubeIDE/plugins/com.st.stm32cube.ide.mcu.externaltools.gnu-tools-for-stm32.11.3.rel1.win32_1.1.100.202309141235/tools/bin/../lib/gcc/arm-none-eabi/11.3.1/thumb/v7e-m+fp/hard/crtend.o
LOAD C:/ST/STM32CubeIDE_1.14.0/STM32CubeIDE/plugins/com.st.stm32cube.ide.mcu.externaltools.gnu-tools-for-stm32.11.3.rel1.win32_1.1.100.202309141235/tools/bin/../lib/gcc/arm-none-eabi/11.3.1/thumb/v7e-m+fp/hard/crtn.o
                0x0000000020050000                _estack = (ORIGIN (RAM) + LENGTH (RAM))
                0x0000000000000200                _Min_Heap_Size = 0x200
                0x0000000000000400                _Min_Stack_Size = 0x400

.isr_vector     0x0000000008000000      0x1b4
                0x0000000008000000                . = ALIGN (0x4)
 *(.isr_vector)
 .isr_vector    0x0000000008000000      0x1b4 ./Example/Startup/startup_stm32f469nihx.o
                0x0000000008000000                g_pfnVectors
                0x00000000080001b4                . = ALIGN (0x4)

.text           0x00000000080001b4     0x27f4
                0x00000000080001b4                . = ALIGN (0x4)
 *(.text)
 .text          0x00000000080001b4       0x40 C:/ST/STM32CubeIDE_1.14.0/STM32CubeIDE/plugins/com.st.stm32cube.ide.mcu.externaltools.gnu-tools-for-stm32.11.3.rel1.win32_1.1.100.202309141235/tools/bin/../lib/gcc/arm-none-eabi/11.3.1/thumb/v7e-m+fp/hard/crtbegin.o
 .text          0x00000000080001f4       0x30 C:/ST/STM32CubeIDE_1.14.0/STM32CubeIDE/plugins/com.st.stm32cube.ide.mcu.externaltools.gnu-tools-for-stm32.11.3.rel1.win32_1.1.100.202309141235/tools/bin/../lib/gcc/arm-none-eabi/11.3.1/thumb/v7e-m+fp/hard\libgcc.a(_aeabi_uldivmod.o)
                0x00000000080001f4                __aeabi_uldivmod
 .text          0x0000000008000224      0x2c8 C:/ST/STM32CubeIDE_1.14.0/STM32CubeIDE/plugins/com.st.stm32cube.ide.mcu.externaltools.gnu-tools-for-stm32.11.3.rel1.win32_1.1.100.202309141235/tools/bin/../lib/gcc/arm-none-eabi/11.3.1/thumb/v7e-m+fp/hard\libgcc.a(_udivmoddi4.o)
                0x0000000008000224                __udivmoddi4
 .text          0x00000000080004ec      0xa00 C:/ST/STM32CubeIDE_1.14.0/STM32CubeIDE/plugins/com.st.stm32cube.ide.mcu.externaltools.gnu-tools-for-stm32.11.3.rel1.win32_1.1.100.202309141235/tools/bin/../lib/gcc/arm-none-eabi/11.3.1/thumb/v7e-m+fp/hard\libgcc.a(unwind-arm.o)
                0x0000000008000790                _Unwind_GetCFA
                0x0000000008000794                __gnu_Unwind_RaiseException
                0x00000000080007fc                __gnu_Unwind_ForcedUnwind
                0x000000000800080c                __gnu_Unwind_Resume
                0x0000000008000850                __gnu_Unwind_Resume_or_Rethrow
                0x0000000008000860                _Unwind_Complete
                0x0000000008000864                _Unwind_DeleteException
                0x0000000008000870                _Unwind_VRS_Get
                0x00000000080008bc                _Unwind_VRS_Set
                0x0000000008000904                __gnu_Unwind_Backtrace
                0x0000000008000c30                __aeabi_unwind_cpp_pr0
                0x0000000008000c34                __aeabi_unwind_cpp_pr1
                0x0000000008000c38                __aeabi_unwind_cpp_pr2
                0x0000000008000c3c                _Unwind_VRS_Pop
 .text          0x0000000008000eec      0x1ac C:/ST/STM32CubeIDE_1.14.0/STM32CubeIDE/plugins/com.st.stm32cube.ide.mcu.externaltools.gnu-tools-for-stm32.11.3.rel1.win32_1.1.100.202309141235/tools/bin/../lib/gcc/arm-none-eabi/11.3.1/thumb/v7e-m+fp/hard\libgcc.a(libunwind.o)
                0x0000000008000eec                __restore_core_regs
                0x0000000008000eec                restore_core_regs
                0x0000000008000f04                __gnu_Unwind_Restore_VFP
                0x0000000008000f0c                __gnu_Unwind_Save_VFP
                0x0000000008000f14                __gnu_Unwind_Restore_VFP_D
                0x0000000008000f1c                __gnu_Unwind_Save_VFP_D
                0x0000000008000f24                __gnu_Unwind_Restore_VFP_D_16_to_31
                0x0000000008000f2c                __gnu_Unwind_Save_VFP_D_16_to_31
                0x0000000008000f34                __gnu_Unwind_Restore_WMMXD
                0x0000000008000f78                __gnu_Unwind_Save_WMMXD
                0x0000000008000fbc                __gnu_Unwind_Restore_WMMXC
                0x0000000008000fd0                __gnu_Unwind_Save_WMMXC
                0x0000000008000fe4                ___Unwind_RaiseException
                0x0000000008000fe4                _Unwind_RaiseException
                0x0000000008001008                _Unwind_Resume
                0x0000000008001008                ___Unwind_Resume
                0x000000000800102c                _Unwind_Resume_or_Rethrow
                0x000000000800102c                ___Unwind_Resume_or_Rethrow
                0x0000000008001050                _Unwind_ForcedUnwind
                0x0000000008001050                ___Unwind_ForcedUnwind
                0x0000000008001074                ___Unwind_Backtrace
                0x0000000008001074                _Unwind_Backtrace
 .text          0x0000000008001098      0x330 C:/ST/STM32CubeIDE_1.14.0/STM32CubeIDE/plugins/com.st.stm32cube.ide.mcu.externaltools.gnu-tools-for-stm32.11.3.rel1.win32_1.1.100.202309141235/tools/bin/../lib/gcc/arm-none-eabi/11.3.1/thumb/v7e-m+fp/hard\libgcc.a(pr-support.o)
                0x00000000080010f0                __gnu_unwind_execute
                0x000000000800137c                __gnu_unwind_frame
                0x00000000080013a8                _Unwind_GetRegionStart
                0x00000000080013b4                _Unwind_GetLanguageSpecificData
 .text          0x00000000080013c8        0x4 C:/ST/STM32CubeIDE_1.14.0/STM32CubeIDE/plugins/com.st.stm32cube.ide.mcu.externaltools.gnu-tools-for-stm32.11.3.rel1.win32_1.1.100.202309141235/tools/bin/../lib/gcc/arm-none-eabi/11.3.1/thumb/v7e-m+fp/hard\libgcc.a(_dvmd_tls.o)
                0x00000000080013c8                __aeabi_idiv0
                0x00000000080013c8                __aeabi_ldiv0
 *(.text*)
 .text.BSP_LED_Init
                0x00000000080013cc      0x100 ./Drivers/BSP/STM32469I-Discovery/stm32469i_discovery.o
                0x00000000080013cc                BSP_LED_Init
 .text.BSP_LED_Toggle
                0x00000000080014cc       0x3c ./Drivers/BSP/STM32469I-Discovery/stm32469i_discovery.o
                0x00000000080014cc                BSP_LED_Toggle
 .text.SystemInit
                0x0000000008001508       0x6c ./Drivers/CMSIS/system_stm32f4xx.o
                0x0000000008001508                SystemInit
 .text.HAL_Init
                0x0000000008001574       0x44 ./Drivers/STM32F4xx_HAL_Driver/stm32f4xx_hal.o
                0x0000000008001574                HAL_Init
 .text.HAL_MspInit
                0x00000000080015b8        0xe ./Drivers/STM32F4xx_HAL_Driver/stm32f4xx_hal.o
                0x00000000080015b8                HAL_MspInit
 *fill*         0x00000000080015c6        0x2 
 .text.HAL_InitTick
                0x00000000080015c8       0x60 ./Drivers/STM32F4xx_HAL_Driver/stm32f4xx_hal.o
                0x00000000080015c8                HAL_InitTick
 .text.HAL_IncTick
                0x0000000008001628       0x28 ./Drivers/STM32F4xx_HAL_Driver/stm32f4xx_hal.o
                0x0000000008001628                HAL_IncTick
 .text.HAL_GetTick
                0x0000000008001650       0x18 ./Drivers/STM32F4xx_HAL_Driver/stm32f4xx_hal.o
                0x0000000008001650                HAL_GetTick
 .text.__NVIC_SetPriorityGrouping
                0x0000000008001668       0x48 ./Drivers/STM32F4xx_HAL_Driver/stm32f4xx_hal_cortex.o
 .text.__NVIC_GetPriorityGrouping
                0x00000000080016b0       0x1c ./Drivers/STM32F4xx_HAL_Driver/stm32f4xx_hal_cortex.o
 .text.__NVIC_EnableIRQ
                0x00000000080016cc       0x3c ./Drivers/STM32F4xx_HAL_Driver/stm32f4xx_hal_cortex.o
 .text.__NVIC_SetPriority
                0x0000000008001708       0x54 ./Drivers/STM32F4xx_HAL_Driver/stm32f4xx_hal_cortex.o
 .text.NVIC_EncodePriority
                0x000000000800175c       0x66 ./Drivers/STM32F4xx_HAL_Driver/stm32f4xx_hal_cortex.o
 *fill*         0x00000000080017c2        0x2 
 .text.SysTick_Config
                0x00000000080017c4       0x44 ./Drivers/STM32F4xx_HAL_Driver/stm32f4xx_hal_cortex.o
 .text.HAL_NVIC_SetPriorityGrouping
                0x0000000008001808       0x16 ./Drivers/STM32F4xx_HAL_Driver/stm32f4xx_hal_cortex.o
                0x0000000008001808                HAL_NVIC_SetPriorityGrouping
 .text.HAL_NVIC_SetPriority
                0x000000000800181e       0x38 ./Drivers/STM32F4xx_HAL_Driver/stm32f4xx_hal_cortex.o
                0x000000000800181e                HAL_NVIC_SetPriority
 .text.HAL_NVIC_EnableIRQ
                0x0000000008001856       0x1c ./Drivers/STM32F4xx_HAL_Driver/stm32f4xx_hal_cortex.o
                0x0000000008001856                HAL_NVIC_EnableIRQ
 .text.HAL_SYSTICK_Config
                0x0000000008001872       0x18 ./Drivers/STM32F4xx_HAL_Driver/stm32f4xx_hal_cortex.o
                0x0000000008001872                HAL_SYSTICK_Config
 *fill*         0x000000000800188a        0x2 
 .text.HAL_GPIO_Init
                0x000000000800188c      0x358 ./Drivers/STM32F4xx_HAL_Driver/stm32f4xx_hal_gpio.o
                0x000000000800188c                HAL_GPIO_Init
 .text.HAL_GPIO_WritePin
                0x0000000008001be4       0x32 ./Drivers/STM32F4xx_HAL_Driver/stm32f4xx_hal_gpio.o
                0x0000000008001be4                HAL_GPIO_WritePin
 .text.HAL_GPIO_TogglePin
                0x0000000008001c16       0x34 ./Drivers/STM32F4xx_HAL_Driver/stm32f4xx_hal_gpio.o
                0x0000000008001c16                HAL_GPIO_TogglePin
 *fill*         0x0000000008001c4a        0x2 
 .text.HAL_GPIO_EXTI_IRQHandler
                0x0000000008001c4c       0x30 ./Drivers/STM32F4xx_HAL_Driver/stm32f4xx_hal_gpio.o
                0x0000000008001c4c                HAL_GPIO_EXTI_IRQHandler
 .text.HAL_PWREx_EnableOverDrive
                0x0000000008001c7c       0xa0 ./Drivers/STM32F4xx_HAL_Driver/stm32f4xx_hal_pwr_ex.o
                0x0000000008001c7c                HAL_PWREx_EnableOverDrive
 .text.HAL_RCC_ClockConfig
                0x0000000008001d1c      0x1cc ./Drivers/STM32F4xx_HAL_Driver/stm32f4xx_hal_rcc.o
                0x0000000008001d1c                HAL_RCC_ClockConfig
 .text.HAL_RCC_GetSysClockFreq
                0x0000000008001ee8      0x20c ./Drivers/STM32F4xx_HAL_Driver/stm32f4xx_hal_rcc.o
                0x0000000008001ee8                HAL_RCC_GetSysClockFreq
 .text.HAL_RCC_OscConfig
                0x00000000080020f4      0x508 ./Drivers/STM32F4xx_HAL_Driver/stm32f4xx_hal_rcc_ex.o
                0x00000000080020f4                HAL_RCC_OscConfig
 .text.Reset_Handler
                0x00000000080025fc       0x50 ./Example/Startup/startup_stm32f469nihx.o
                0x00000000080025fc                Reset_Handler
 .text.Default_Handler
                0x000000000800264c        0x2 ./Example/Startup/startup_stm32f469nihx.o
                0x000000000800264c                RTC_Alarm_IRQHandler
                0x000000000800264c                HASH_RNG_IRQHandler
                0x000000000800264c                EXTI2_IRQHandler
                0x000000000800264c                TIM8_CC_IRQHandler
                0x000000000800264c                UART8_IRQHandler
                0x000000000800264c                SPI4_IRQHandler
                0x000000000800264c                TIM1_CC_IRQHandler
                0x000000000800264c                DMA2_Stream5_IRQHandler
                0x000000000800264c                DMA1_Stream5_IRQHandler
                0x000000000800264c                PVD_IRQHandler
                0x000000000800264c                SDIO_IRQHandler
                0x000000000800264c                TAMP_STAMP_IRQHandler
                0x000000000800264c                CAN2_RX1_IRQHandler
                0x000000000800264c                EXTI3_IRQHandler
                0x000000000800264c                TIM8_TRG_COM_TIM14_IRQHandler
                0x000000000800264c                TIM1_UP_TIM10_IRQHandler
                0x000000000800264c                TIM8_UP_TIM13_IRQHandler
                0x000000000800264c                I2C3_ER_IRQHandler
                0x000000000800264c                I2C2_EV_IRQHandler
                0x000000000800264c                DMA1_Stream2_IRQHandler
                0x000000000800264c                CAN1_RX0_IRQHandler
                0x000000000800264c                FPU_IRQHandler
                0x000000000800264c                OTG_HS_WKUP_IRQHandler
                0x000000000800264c                LTDC_ER_IRQHandler
                0x000000000800264c                CAN2_SCE_IRQHandler
                0x000000000800264c                DMA2_Stream2_IRQHandler
                0x000000000800264c                SPI1_IRQHandler
                0x000000000800264c                TIM6_DAC_IRQHandler
                0x000000000800264c                TIM1_BRK_TIM9_IRQHandler
                0x000000000800264c                DCMI_IRQHandler
                0x000000000800264c                CAN2_RX0_IRQHandler
                0x000000000800264c                DMA2_Stream3_IRQHandler
                0x000000000800264c                USART6_IRQHandler
                0x000000000800264c                USART3_IRQHandler
                0x000000000800264c                CAN1_RX1_IRQHandler
                0x000000000800264c                UART5_IRQHandler
                0x000000000800264c                DMA2_Stream0_IRQHandler
                0x000000000800264c                TIM4_IRQHandler
                0x000000000800264c                QUADSPI_IRQHandler
                0x000000000800264c                I2C1_EV_IRQHandler
                0x000000000800264c                DMA1_Stream6_IRQHandler
                0x000000000800264c                DMA1_Stream1_IRQHandler
                0x000000000800264c                UART4_IRQHandler
                0x000000000800264c                TIM3_IRQHandler
                0x000000000800264c                RCC_IRQHandler
                0x000000000800264c                TIM8_BRK_TIM12_IRQHandler
                0x000000000800264c                Default_Handler
                0x000000000800264c                EXTI15_10_IRQHandler
                0x000000000800264c                ADC_IRQHandler
                0x000000000800264c                DMA1_Stream7_IRQHandler
                0x000000000800264c                SPI5_IRQHandler
                0x000000000800264c                TIM7_IRQHandler
                0x000000000800264c                CAN2_TX_IRQHandler
                0x000000000800264c                TIM5_IRQHandler
                0x000000000800264c                DMA2_Stream7_IRQHandler
                0x000000000800264c                I2C3_EV_IRQHandler
                0x000000000800264c                EXTI9_5_IRQHandler
                0x000000000800264c                RTC_WKUP_IRQHandler
                0x000000000800264c                LTDC_IRQHandler
                0x000000000800264c                ETH_WKUP_IRQHandler
                0x000000000800264c                SPI2_IRQHandler
                0x000000000800264c                OTG_HS_EP1_IN_IRQHandler
                0x000000000800264c                DMA1_Stream0_IRQHandler
                0x000000000800264c                CAN1_TX_IRQHandler
                0x000000000800264c                EXTI4_IRQHandler
                0x000000000800264c                DSI_IRQHandler
                0x000000000800264c                ETH_IRQHandler
                0x000000000800264c                OTG_HS_EP1_OUT_IRQHandler
                0x000000000800264c                WWDG_IRQHandler
                0x000000000800264c                SPI6_IRQHandler
                0x000000000800264c                TIM2_IRQHandler
                0x000000000800264c                OTG_FS_WKUP_IRQHandler
                0x000000000800264c                TIM1_TRG_COM_TIM11_IRQHandler
                0x000000000800264c                OTG_HS_IRQHandler
                0x000000000800264c                DMA2D_IRQHandler
                0x000000000800264c                EXTI1_IRQHandler
                0x000000000800264c                UART7_IRQHandler
                0x000000000800264c                USART2_IRQHandler
                0x000000000800264c                I2C2_ER_IRQHandler
                0x000000000800264c                DMA2_Stream1_IRQHandler
                0x000000000800264c                CAN1_SCE_IRQHandler
                0x000000000800264c                FLASH_IRQHandler
                0x000000000800264c                DMA2_Stream4_IRQHandler
                0x000000000800264c                USART1_IRQHandler
                0x000000000800264c                OTG_FS_IRQHandler
                0x000000000800264c                SPI3_IRQHandler
                0x000000000800264c                DMA1_Stream4_IRQHandler
                0x000000000800264c                I2C1_ER_IRQHandler
                0x000000000800264c                FMC_IRQHandler
                0x000000000800264c                DMA2_Stream6_IRQHandler
                0x000000000800264c                SAI1_IRQHandler
                0x000000000800264c                DMA1_Stream3_IRQHandler
 *fill*         0x000000000800264e        0x2 
 .text._ZN12ClockManager9ConfigureEv
                0x0000000008002650       0xe0 ./Example/User/main.o
                0x0000000008002650                ClockManager::Configure()
 .text._ZN12IndicatorLED10InitializeEv
                0x0000000008002730        0xe ./Example/User/main.o
                0x0000000008002730                IndicatorLED::Initialize()
 .text._ZN12IndicatorLED11ToggleStateEv
                0x000000000800273e        0xe ./Example/User/main.o
                0x000000000800273e                IndicatorLED::ToggleState()
 .text._ZN16InterruptManager9ConfigureEv
                0x000000000800274c       0x5c ./Example/User/main.o
                0x000000000800274c                InterruptManager::Configure()
 .text.main     0x00000000080027a8       0x16 ./Example/User/main.o
                0x00000000080027a8                main
 .text.HAL_GPIO_EXTI_Callback
                0x00000000080027be       0x1c ./Example/User/main.o
                0x00000000080027be                HAL_GPIO_EXTI_Callback
 .text.NMI_Handler
                0x00000000080027da        0xe ./Example/User/stm32f4xx_it.o
                0x00000000080027da                NMI_Handler
 .text.HardFault_Handler
                0x00000000080027e8        0x6 ./Example/User/stm32f4xx_it.o
                0x00000000080027e8                HardFault_Handler
 .text.MemManage_Handler
                0x00000000080027ee        0x6 ./Example/User/stm32f4xx_it.o
                0x00000000080027ee                MemManage_Handler
 .text.BusFault_Handler
                0x00000000080027f4        0x6 ./Example/User/stm32f4xx_it.o
                0x00000000080027f4                BusFault_Handler
 .text.UsageFault_Handler
                0x00000000080027fa        0x6 ./Example/User/stm32f4xx_it.o
                0x00000000080027fa                UsageFault_Handler
 .text.SVC_Handler
                0x0000000008002800        0xe ./Example/User/stm32f4xx_it.o
                0x0000000008002800                SVC_Handler
 .text.DebugMon_Handler
                0x000000000800280e        0xe ./Example/User/stm32f4xx_it.o
                0x000000000800280e                DebugMon_Handler
 .text.PendSV_Handler
                0x000000000800281c        0xe ./Example/User/stm32f4xx_it.o
                0x000000000800281c                PendSV_Handler
 .text.SysTick_Handler
                0x000000000800282a        0xc ./Example/User/stm32f4xx_it.o
                0x000000000800282a                SysTick_Handler
 .text.EXTI0_IRQHandler
                0x0000000008002836        0xe ./Example/User/stm32f4xx_it.o
                0x0000000008002836                EXTI0_IRQHandler
 .text._getpid  0x0000000008002844       0x10 ./Example/User/syscalls.o
                0x0000000008002844                _getpid
 .text._kill    0x0000000008002854       0x20 ./Example/User/syscalls.o
                0x0000000008002854                _kill
 .text._exit    0x0000000008002874       0x14 ./Example/User/syscalls.o
                0x0000000008002874                _exit
 .text.__errno  0x0000000008002888        0xc C:/ST/STM32CubeIDE_1.14.0/STM32CubeIDE/plugins/com.st.stm32cube.ide.mcu.externaltools.gnu-tools-for-stm32.11.3.rel1.win32_1.1.100.202309141235/tools/bin/../lib/gcc/arm-none-eabi/11.3.1/../../../../arm-none-eabi/lib/thumb/v7e-m+fp/hard\libc_nano.a(libc_a-errno.o)
                0x0000000008002888                __errno
 .text.__libc_init_array
                0x0000000008002894       0x48 C:/ST/STM32CubeIDE_1.14.0/STM32CubeIDE/plugins/com.st.stm32cube.ide.mcu.externaltools.gnu-tools-for-stm32.11.3.rel1.win32_1.1.100.202309141235/tools/bin/../lib/gcc/arm-none-eabi/11.3.1/../../../../arm-none-eabi/lib/thumb/v7e-m+fp/hard\libc_nano.a(libc_a-init.o)
                0x0000000008002894                __libc_init_array
 .text.abort    0x00000000080028dc        0xe C:/ST/STM32CubeIDE_1.14.0/STM32CubeIDE/plugins/com.st.stm32cube.ide.mcu.externaltools.gnu-tools-for-stm32.11.3.rel1.win32_1.1.100.202309141235/tools/bin/../lib/gcc/arm-none-eabi/11.3.1/../../../../arm-none-eabi/lib/thumb/v7e-m+fp/hard\libc_nano.a(libc_a-abort.o)
                0x00000000080028dc                abort
 .text._raise_r
                0x00000000080028ea       0x50 C:/ST/STM32CubeIDE_1.14.0/STM32CubeIDE/plugins/com.st.stm32cube.ide.mcu.externaltools.gnu-tools-for-stm32.11.3.rel1.win32_1.1.100.202309141235/tools/bin/../lib/gcc/arm-none-eabi/11.3.1/../../../../arm-none-eabi/lib/thumb/v7e-m+fp/hard\libc_nano.a(libc_a-signal.o)
                0x00000000080028ea                _raise_r
 *fill*         0x000000000800293a        0x2 
 .text.raise    0x000000000800293c       0x10 C:/ST/STM32CubeIDE_1.14.0/STM32CubeIDE/plugins/com.st.stm32cube.ide.mcu.externaltools.gnu-tools-for-stm32.11.3.rel1.win32_1.1.100.202309141235/tools/bin/../lib/gcc/arm-none-eabi/11.3.1/../../../../arm-none-eabi/lib/thumb/v7e-m+fp/hard\libc_nano.a(libc_a-signal.o)
                0x000000000800293c                raise
 .text._kill_r  0x000000000800294c       0x24 C:/ST/STM32CubeIDE_1.14.0/STM32CubeIDE/plugins/com.st.stm32cube.ide.mcu.externaltools.gnu-tools-for-stm32.11.3.rel1.win32_1.1.100.202309141235/tools/bin/../lib/gcc/arm-none-eabi/11.3.1/../../../../arm-none-eabi/lib/thumb/v7e-m+fp/hard\libc_nano.a(libc_a-signalr.o)
                0x000000000800294c                _kill_r
 .text._getpid_r
                0x0000000008002970        0x4 C:/ST/STM32CubeIDE_1.14.0/STM32CubeIDE/plugins/com.st.stm32cube.ide.mcu.externaltools.gnu-tools-for-stm32.11.3.rel1.win32_1.1.100.202309141235/tools/bin/../lib/gcc/arm-none-eabi/11.3.1/../../../../arm-none-eabi/lib/thumb/v7e-m+fp/hard\libc_nano.a(libc_a-signalr.o)
                0x0000000008002970                _getpid_r
 .text.memcpy   0x0000000008002974       0x1c C:/ST/STM32CubeIDE_1.14.0/STM32CubeIDE/plugins/com.st.stm32cube.ide.mcu.externaltools.gnu-tools-for-stm32.11.3.rel1.win32_1.1.100.202309141235/tools/bin/../lib/gcc/arm-none-eabi/11.3.1/../../../../arm-none-eabi/lib/thumb/v7e-m+fp/hard\libc_nano.a(libc_a-memcpy-stub.o)
                0x0000000008002974                memcpy
 *(.glue_7)
 .glue_7        0x0000000008002990        0x0 linker stubs
 *(.glue_7t)
 .glue_7t       0x0000000008002990        0x0 linker stubs
 *(.eh_frame)
 .eh_frame      0x0000000008002990        0x0 C:/ST/STM32CubeIDE_1.14.0/STM32CubeIDE/plugins/com.st.stm32cube.ide.mcu.externaltools.gnu-tools-for-stm32.11.3.rel1.win32_1.1.100.202309141235/tools/bin/../lib/gcc/arm-none-eabi/11.3.1/thumb/v7e-m+fp/hard/crtbegin.o
 *(.init)
 .init          0x0000000008002990        0x4 C:/ST/STM32CubeIDE_1.14.0/STM32CubeIDE/plugins/com.st.stm32cube.ide.mcu.externaltools.gnu-tools-for-stm32.11.3.rel1.win32_1.1.100.202309141235/tools/bin/../lib/gcc/arm-none-eabi/11.3.1/thumb/v7e-m+fp/hard/crti.o
                0x0000000008002990                _init
 .init          0x0000000008002994        0x8 C:/ST/STM32CubeIDE_1.14.0/STM32CubeIDE/plugins/com.st.stm32cube.ide.mcu.externaltools.gnu-tools-for-stm32.11.3.rel1.win32_1.1.100.202309141235/tools/bin/../lib/gcc/arm-none-eabi/11.3.1/thumb/v7e-m+fp/hard/crtn.o
 *(.fini)
 .fini          0x000000000800299c        0x4 C:/ST/STM32CubeIDE_1.14.0/STM32CubeIDE/plugins/com.st.stm32cube.ide.mcu.externaltools.gnu-tools-for-stm32.11.3.rel1.win32_1.1.100.202309141235/tools/bin/../lib/gcc/arm-none-eabi/11.3.1/thumb/v7e-m+fp/hard/crti.o
                0x000000000800299c                _fini
 .fini          0x00000000080029a0        0x8 C:/ST/STM32CubeIDE_1.14.0/STM32CubeIDE/plugins/com.st.stm32cube.ide.mcu.externaltools.gnu-tools-for-stm32.11.3.rel1.win32_1.1.100.202309141235/tools/bin/../lib/gcc/arm-none-eabi/11.3.1/thumb/v7e-m+fp/hard/crtn.o
                0x00000000080029a8                . = ALIGN (0x4)
                0x00000000080029a8                _etext = .

.vfp11_veneer   0x00000000080029a8        0x0
 .vfp11_veneer  0x00000000080029a8        0x0 linker stubs

.v4_bx          0x00000000080029a8        0x0
 .v4_bx         0x00000000080029a8        0x0 linker stubs

.iplt           0x00000000080029a8        0x0
 .iplt          0x00000000080029a8        0x0 C:/ST/STM32CubeIDE_1.14.0/STM32CubeIDE/plugins/com.st.stm32cube.ide.mcu.externaltools.gnu-tools-for-stm32.11.3.rel1.win32_1.1.100.202309141235/tools/bin/../lib/gcc/arm-none-eabi/11.3.1/thumb/v7e-m+fp/hard/crtbegin.o

.rodata         0x00000000080029a8       0x10
                0x00000000080029a8                . = ALIGN (0x4)
 *(.rodata)
 *(.rodata*)
 .rodata.AHBPrescTable
                0x00000000080029a8       0x10 ./Drivers/CMSIS/system_stm32f4xx.o
                0x00000000080029a8                AHBPrescTable
                0x00000000080029b8                . = ALIGN (0x4)

.ARM.extab      0x00000000080029b8       0x3c
                0x00000000080029b8                . = ALIGN (0x4)
 *(.ARM.extab* .gnu.linkonce.armextab.*)
 .ARM.extab.text._ZN12ClockManager9ConfigureEv
                0x00000000080029b8        0xc ./Example/User/main.o
 .ARM.extab.text._ZN12IndicatorLED10InitializeEv
                0x00000000080029c4        0x0 ./Example/User/main.o
 .ARM.extab.text._ZN12IndicatorLED11ToggleStateEv
                0x00000000080029c4        0x0 ./Example/User/main.o
 .ARM.extab.text._ZN16InterruptManager9ConfigureEv
                0x00000000080029c4        0xc ./Example/User/main.o
 .ARM.extab.text.HAL_GPIO_EXTI_Callback
                0x00000000080029d0        0xc ./Example/User/main.o
 .ARM.extab     0x00000000080029dc       0x18 C:/ST/STM32CubeIDE_1.14.0/STM32CubeIDE/plugins/com.st.stm32cube.ide.mcu.externaltools.gnu-tools-for-stm32.11.3.rel1.win32_1.1.100.202309141235/tools/bin/../lib/gcc/arm-none-eabi/11.3.1/thumb/v7e-m+fp/hard\libgcc.a(pr-support.o)
                0x00000000080029f4                . = ALIGN (0x4)

.ARM            0x00000000080029f4       0xe8
                0x00000000080029f4                . = ALIGN (0x4)
                0x00000000080029f4                __exidx_start = .
 *(.ARM.exidx*)
 .ARM.exidx     0x00000000080029f4        0x8 C:/ST/STM32CubeIDE_1.14.0/STM32CubeIDE/plugins/com.st.stm32cube.ide.mcu.externaltools.gnu-tools-for-stm32.11.3.rel1.win32_1.1.100.202309141235/tools/bin/../lib/gcc/arm-none-eabi/11.3.1/thumb/v7e-m+fp/hard\libgcc.a(_udivmoddi4.o)
 .ARM.exidx     0x00000000080029fc       0x78 C:/ST/STM32CubeIDE_1.14.0/STM32CubeIDE/plugins/com.st.stm32cube.ide.mcu.externaltools.gnu-tools-for-stm32.11.3.rel1.win32_1.1.100.202309141235/tools/bin/../lib/gcc/arm-none-eabi/11.3.1/thumb/v7e-m+fp/hard\libgcc.a(unwind-arm.o)
                                         0xd8 (size before relaxing)
 .ARM.exidx     0x0000000008002a74       0x38 C:/ST/STM32CubeIDE_1.14.0/STM32CubeIDE/plugins/com.st.stm32cube.ide.mcu.externaltools.gnu-tools-for-stm32.11.3.rel1.win32_1.1.100.202309141235/tools/bin/../lib/gcc/arm-none-eabi/11.3.1/thumb/v7e-m+fp/hard\libgcc.a(pr-support.o)
 .ARM.exidx.text._ZN12ClockManager9ConfigureEv
                0x0000000008002aac        0x8 ./Example/User/main.o
 .ARM.exidx.text._ZN12IndicatorLED10InitializeEv
                0x0000000008002ab4        0x8 ./Example/User/main.o
 .ARM.exidx.text._ZN12IndicatorLED11ToggleStateEv
                0x0000000008002abc        0x0 ./Example/User/main.o
                                          0x8 (size before relaxing)
 .ARM.exidx.text._ZN16InterruptManager9ConfigureEv
                0x0000000008002abc        0x8 ./Example/User/main.o
 .ARM.exidx.text.main
                0x0000000008002ac4        0x8 ./Example/User/main.o
 .ARM.exidx.text.HAL_GPIO_EXTI_Callback
                0x0000000008002acc       0x10 ./Example/User/main.o
                                          0x8 (size before relaxing)
                0x0000000008002adc                __exidx_end = .
                0x0000000008002adc                . = ALIGN (0x4)

.rel.dyn        0x0000000008002adc        0x0
 .rel.iplt      0x0000000008002adc        0x0 C:/ST/STM32CubeIDE_1.14.0/STM32CubeIDE/plugins/com.st.stm32cube.ide.mcu.externaltools.gnu-tools-for-stm32.11.3.rel1.win32_1.1.100.202309141235/tools/bin/../lib/gcc/arm-none-eabi/11.3.1/thumb/v7e-m+fp/hard/crtbegin.o

.preinit_array  0x0000000008002adc        0x0
                0x0000000008002adc                . = ALIGN (0x4)
                0x0000000008002adc                PROVIDE (__preinit_array_start = .)
 *(.preinit_array*)
                0x0000000008002adc                PROVIDE (__preinit_array_end = .)
                0x0000000008002adc                . = ALIGN (0x4)

.init_array     0x0000000008002adc        0x4
                0x0000000008002adc                . = ALIGN (0x4)
                0x0000000008002adc                PROVIDE (__init_array_start = .)
 *(SORT_BY_NAME(.init_array.*))
 *(.init_array*)
 .init_array    0x0000000008002adc        0x4 C:/ST/STM32CubeIDE_1.14.0/STM32CubeIDE/plugins/com.st.stm32cube.ide.mcu.externaltools.gnu-tools-for-stm32.11.3.rel1.win32_1.1.100.202309141235/tools/bin/../lib/gcc/arm-none-eabi/11.3.1/thumb/v7e-m+fp/hard/crtbegin.o
                0x0000000008002ae0                PROVIDE (__init_array_end = .)
                0x0000000008002ae0                . = ALIGN (0x4)

.fini_array     0x0000000008002ae0        0x4
                0x0000000008002ae0                . = ALIGN (0x4)
                [!provide]                        PROVIDE (__fini_array_start = .)
 *(SORT_BY_NAME(.fini_array.*))
 *(.fini_array*)
 .fini_array    0x0000000008002ae0        0x4 C:/ST/STM32CubeIDE_1.14.0/STM32CubeIDE/plugins/com.st.stm32cube.ide.mcu.externaltools.gnu-tools-for-stm32.11.3.rel1.win32_1.1.100.202309141235/tools/bin/../lib/gcc/arm-none-eabi/11.3.1/thumb/v7e-m+fp/hard/crtbegin.o
                [!provide]                        PROVIDE (__fini_array_end = .)
                0x0000000008002ae4                . = ALIGN (0x4)
                0x0000000008002ae4                _sidata = LOADADDR (.data)

.data           0x0000000020000000       0x7c load address 0x0000000008002ae4
                0x0000000020000000                . = ALIGN (0x4)
                0x0000000020000000                _sdata = .
 *(.data)
 *(.data*)
 .data.GPIO_PIN
                0x0000000020000000       0x10 ./Drivers/BSP/STM32469I-Discovery/stm32469i_discovery.o
                0x0000000020000000                GPIO_PIN
 .data.GPIO_PORT
                0x0000000020000010       0x10 ./Drivers/BSP/STM32469I-Discovery/stm32469i_discovery.o
                0x0000000020000010                GPIO_PORT
 .data.SystemCoreClock
                0x0000000020000020        0x4 ./Drivers/CMSIS/system_stm32f4xx.o
                0x0000000020000020                SystemCoreClock
 .data.uwTickPrio
                0x0000000020000024        0x4 ./Drivers/STM32F4xx_HAL_Driver/stm32f4xx_hal.o
                0x0000000020000024                uwTickPrio
 .data.uwTickFreq
                0x0000000020000028        0x1 ./Drivers/STM32F4xx_HAL_Driver/stm32f4xx_hal.o
                0x0000000020000028                uwTickFreq
 *fill*         0x0000000020000029        0x3 
 .data._impure_data
                0x000000002000002c       0x4c C:/ST/STM32CubeIDE_1.14.0/STM32CubeIDE/plugins/com.st.stm32cube.ide.mcu.externaltools.gnu-tools-for-stm32.11.3.rel1.win32_1.1.100.202309141235/tools/bin/../lib/gcc/arm-none-eabi/11.3.1/../../../../arm-none-eabi/lib/thumb/v7e-m+fp/hard\libc_nano.a(libc_a-impure.o)
                0x000000002000002c                _impure_data
 .data._impure_ptr
                0x0000000020000078        0x4 C:/ST/STM32CubeIDE_1.14.0/STM32CubeIDE/plugins/com.st.stm32cube.ide.mcu.externaltools.gnu-tools-for-stm32.11.3.rel1.win32_1.1.100.202309141235/tools/bin/../lib/gcc/arm-none-eabi/11.3.1/../../../../arm-none-eabi/lib/thumb/v7e-m+fp/hard\libc_nano.a(libc_a-impure.o)
                0x0000000020000078                _impure_ptr
 *(.RamFunc)
 *(.RamFunc*)
                0x000000002000007c                . = ALIGN (0x4)
                0x000000002000007c                _edata = .
                0x0000000008002b60                _siccmram = LOADADDR (.ccmram)

.igot.plt       0x000000002000007c        0x0 load address 0x0000000008002b60
 .igot.plt      0x000000002000007c        0x0 C:/ST/STM32CubeIDE_1.14.0/STM32CubeIDE/plugins/com.st.stm32cube.ide.mcu.externaltools.gnu-tools-for-stm32.11.3.rel1.win32_1.1.100.202309141235/tools/bin/../lib/gcc/arm-none-eabi/11.3.1/thumb/v7e-m+fp/hard/crtbegin.o

.ccmram         0x0000000010000000        0x0 load address 0x0000000008002b60
                0x0000000010000000                . = ALIGN (0x4)
                0x0000000010000000                _sccmram = .
 *(.ccmram)
 *(.ccmram*)
                0x0000000010000000                . = ALIGN (0x4)
                0x0000000010000000                _eccmram = .
                0x0000000010000000                . = ALIGN (0x4)

.bss            0x000000002000007c      0x15c
                0x000000002000007c                _sbss = .
                0x000000002000007c                __bss_start__ = _sbss
 *(.bss)
 .bss           0x000000002000007c       0x1c C:/ST/STM32CubeIDE_1.14.0/STM32CubeIDE/plugins/com.st.stm32cube.ide.mcu.externaltools.gnu-tools-for-stm32.11.3.rel1.win32_1.1.100.202309141235/tools/bin/../lib/gcc/arm-none-eabi/11.3.1/thumb/v7e-m+fp/hard/crtbegin.o
 *(.bss*)
 .bss.uwTick    0x0000000020000098        0x4 ./Drivers/STM32F4xx_HAL_Driver/stm32f4xx_hal.o
                0x0000000020000098                uwTick
 .bss.__sf      0x000000002000009c      0x138 C:/ST/STM32CubeIDE_1.14.0/STM32CubeIDE/plugins/com.st.stm32cube.ide.mcu.externaltools.gnu-tools-for-stm32.11.3.rel1.win32_1.1.100.202309141235/tools/bin/../lib/gcc/arm-none-eabi/11.3.1/../../../../arm-none-eabi/lib/thumb/v7e-m+fp/hard\libc_nano.a(libc_a-findfp.o)
                0x000000002000009c                __sf
 .bss.errno     0x00000000200001d4        0x4 C:/ST/STM32CubeIDE_1.14.0/STM32CubeIDE/plugins/com.st.stm32cube.ide.mcu.externaltools.gnu-tools-for-stm32.11.3.rel1.win32_1.1.100.202309141235/tools/bin/../lib/gcc/arm-none-eabi/11.3.1/../../../../arm-none-eabi/lib/thumb/v7e-m+fp/hard\libc_nano.a(libc_a-reent.o)
                0x00000000200001d4                errno
 *(COMMON)
                0x00000000200001d8                . = ALIGN (0x4)
                0x00000000200001d8                _ebss = .
                0x00000000200001d8                __bss_end__ = _ebss

._user_heap_stack
                0x00000000200001d8      0x600
                0x00000000200001d8                . = ALIGN (0x8)
                [!provide]                        PROVIDE (end = .)
                0x00000000200001d8                PROVIDE (_end = .)
                0x00000000200003d8                . = (. + _Min_Heap_Size)
 *fill*         0x00000000200001d8      0x200 
                0x00000000200007d8                . = (. + _Min_Stack_Size)
 *fill*         0x00000000200003d8      0x400 
                0x00000000200007d8                . = ALIGN (0x8)

/DISCARD/
 libc.a(*)
 libm.a(*)
 libgcc.a(*)

.ARM.attributes
                0x0000000000000000       0x30
 *(.ARM.attributes)
 .ARM.attributes
                0x0000000000000000       0x1e C:/ST/STM32CubeIDE_1.14.0/STM32CubeIDE/plugins/com.st.stm32cube.ide.mcu.externaltools.gnu-tools-for-stm32.11.3.rel1.win32_1.1.100.202309141235/tools/bin/../lib/gcc/arm-none-eabi/11.3.1/thumb/v7e-m+fp/hard/crti.o
 .ARM.attributes
                0x000000000000001e       0x34 C:/ST/STM32CubeIDE_1.14.0/STM32CubeIDE/plugins/com.st.stm32cube.ide.mcu.externaltools.gnu-tools-for-stm32.11.3.rel1.win32_1.1.100.202309141235/tools/bin/../lib/gcc/arm-none-eabi/11.3.1/thumb/v7e-m+fp/hard/crtbegin.o
 .ARM.attributes
                0x0000000000000052       0x34 ./Drivers/BSP/STM32469I-Discovery/stm32469i_discovery.o
 .ARM.attributes
                0x0000000000000086       0x34 ./Drivers/CMSIS/system_stm32f4xx.o
 .ARM.attributes
                0x00000000000000ba       0x34 ./Drivers/STM32F4xx_HAL_Driver/stm32f4xx_hal.o
 .ARM.attributes
                0x00000000000000ee       0x34 ./Drivers/STM32F4xx_HAL_Driver/stm32f4xx_hal_cortex.o
 .ARM.attributes
                0x0000000000000122       0x34 ./Drivers/STM32F4xx_HAL_Driver/stm32f4xx_hal_gpio.o
 .ARM.attributes
                0x0000000000000156       0x34 ./Drivers/STM32F4xx_HAL_Driver/stm32f4xx_hal_pwr_ex.o
 .ARM.attributes
                0x000000000000018a       0x34 ./Drivers/STM32F4xx_HAL_Driver/stm32f4xx_hal_rcc.o
 .ARM.attributes
                0x00000000000001be       0x34 ./Drivers/STM32F4xx_HAL_Driver/stm32f4xx_hal_rcc_ex.o
 .ARM.attributes
                0x00000000000001f2       0x21 ./Example/Startup/startup_stm32f469nihx.o
 .ARM.attributes
                0x0000000000000213       0x34 ./Example/User/main.o
 .ARM.attributes
                0x0000000000000247       0x34 ./Example/User/stm32f4xx_it.o
 .ARM.attributes
                0x000000000000027b       0x34 ./Example/User/syscalls.o
 .ARM.attributes
                0x00000000000002af       0x34 C:/ST/STM32CubeIDE_1.14.0/STM32CubeIDE/plugins/com.st.stm32cube.ide.mcu.externaltools.gnu-tools-for-stm32.11.3.rel1.win32_1.1.100.202309141235/tools/bin/../lib/gcc/arm-none-eabi/11.3.1/../../../../arm-none-eabi/lib/thumb/v7e-m+fp/hard\libc_nano.a(libc_a-findfp.o)
 .ARM.attributes
                0x00000000000002e3       0x34 C:/ST/STM32CubeIDE_1.14.0/STM32CubeIDE/plugins/com.st.stm32cube.ide.mcu.externaltools.gnu-tools-for-stm32.11.3.rel1.win32_1.1.100.202309141235/tools/bin/../lib/gcc/arm-none-eabi/11.3.1/../../../../arm-none-eabi/lib/thumb/v7e-m+fp/hard\libc_nano.a(libc_a-reent.o)
 .ARM.attributes
                0x0000000000000317       0x34 C:/ST/STM32CubeIDE_1.14.0/STM32CubeIDE/plugins/com.st.stm32cube.ide.mcu.externaltools.gnu-tools-for-stm32.11.3.rel1.win32_1.1.100.202309141235/tools/bin/../lib/gcc/arm-none-eabi/11.3.1/../../../../arm-none-eabi/lib/thumb/v7e-m+fp/hard\libc_nano.a(libc_a-impure.o)
 .ARM.attributes
                0x000000000000034b       0x34 C:/ST/STM32CubeIDE_1.14.0/STM32CubeIDE/plugins/com.st.stm32cube.ide.mcu.externaltools.gnu-tools-for-stm32.11.3.rel1.win32_1.1.100.202309141235/tools/bin/../lib/gcc/arm-none-eabi/11.3.1/../../../../arm-none-eabi/lib/thumb/v7e-m+fp/hard\libc_nano.a(libc_a-errno.o)
 .ARM.attributes
                0x000000000000037f       0x34 C:/ST/STM32CubeIDE_1.14.0/STM32CubeIDE/plugins/com.st.stm32cube.ide.mcu.externaltools.gnu-tools-for-stm32.11.3.rel1.win32_1.1.100.202309141235/tools/bin/../lib/gcc/arm-none-eabi/11.3.1/../../../../arm-none-eabi/lib/thumb/v7e-m+fp/hard\libc_nano.a(libc_a-init.o)
 .ARM.attributes
                0x00000000000003b3       0x1e C:/ST/STM32CubeIDE_1.14.0/STM32CubeIDE/plugins/com.st.stm32cube.ide.mcu.externaltools.gnu-tools-for-stm32.11.3.rel1.win32_1.1.100.202309141235/tools/bin/../lib/gcc/arm-none-eabi/11.3.1/thumb/v7e-m+fp/hard\libgcc.a(_aeabi_uldivmod.o)
 .ARM.attributes
                0x00000000000003d1       0x34 C:/ST/STM32CubeIDE_1.14.0/STM32CubeIDE/plugins/com.st.stm32cube.ide.mcu.externaltools.gnu-tools-for-stm32.11.3.rel1.win32_1.1.100.202309141235/tools/bin/../lib/gcc/arm-none-eabi/11.3.1/thumb/v7e-m+fp/hard\libgcc.a(_udivmoddi4.o)
 .ARM.attributes
                0x0000000000000405       0x34 C:/ST/STM32CubeIDE_1.14.0/STM32CubeIDE/plugins/com.st.stm32cube.ide.mcu.externaltools.gnu-tools-for-stm32.11.3.rel1.win32_1.1.100.202309141235/tools/bin/../lib/gcc/arm-none-eabi/11.3.1/thumb/v7e-m+fp/hard\libgcc.a(unwind-arm.o)
 .ARM.attributes
                0x0000000000000439       0x1e C:/ST/STM32CubeIDE_1.14.0/STM32CubeIDE/plugins/com.st.stm32cube.ide.mcu.externaltools.gnu-tools-for-stm32.11.3.rel1.win32_1.1.100.202309141235/tools/bin/../lib/gcc/arm-none-eabi/11.3.1/thumb/v7e-m+fp/hard\libgcc.a(libunwind.o)
 .ARM.attributes
                0x0000000000000457       0x34 C:/ST/STM32CubeIDE_1.14.0/STM32CubeIDE/plugins/com.st.stm32cube.ide.mcu.externaltools.gnu-tools-for-stm32.11.3.rel1.win32_1.1.100.202309141235/tools/bin/../lib/gcc/arm-none-eabi/11.3.1/thumb/v7e-m+fp/hard\libgcc.a(pr-support.o)
 .ARM.attributes
                0x000000000000048b       0x1e C:/ST/STM32CubeIDE_1.14.0/STM32CubeIDE/plugins/com.st.stm32cube.ide.mcu.externaltools.gnu-tools-for-stm32.11.3.rel1.win32_1.1.100.202309141235/tools/bin/../lib/gcc/arm-none-eabi/11.3.1/thumb/v7e-m+fp/hard\libgcc.a(_dvmd_tls.o)
 .ARM.attributes
                0x00000000000004a9       0x34 C:/ST/STM32CubeIDE_1.14.0/STM32CubeIDE/plugins/com.st.stm32cube.ide.mcu.externaltools.gnu-tools-for-stm32.11.3.rel1.win32_1.1.100.202309141235/tools/bin/../lib/gcc/arm-none-eabi/11.3.1/../../../../arm-none-eabi/lib/thumb/v7e-m+fp/hard\libc_nano.a(libc_a-abort.o)
 .ARM.attributes
                0x00000000000004dd       0x34 C:/ST/STM32CubeIDE_1.14.0/STM32CubeIDE/plugins/com.st.stm32cube.ide.mcu.externaltools.gnu-tools-for-stm32.11.3.rel1.win32_1.1.100.202309141235/tools/bin/../lib/gcc/arm-none-eabi/11.3.1/../../../../arm-none-eabi/lib/thumb/v7e-m+fp/hard\libc_nano.a(libc_a-signal.o)
 .ARM.attributes
                0x0000000000000511       0x34 C:/ST/STM32CubeIDE_1.14.0/STM32CubeIDE/plugins/com.st.stm32cube.ide.mcu.externaltools.gnu-tools-for-stm32.11.3.rel1.win32_1.1.100.202309141235/tools/bin/../lib/gcc/arm-none-eabi/11.3.1/../../../../arm-none-eabi/lib/thumb/v7e-m+fp/hard\libc_nano.a(libc_a-signalr.o)
 .ARM.attributes
                0x0000000000000545       0x34 C:/ST/STM32CubeIDE_1.14.0/STM32CubeIDE/plugins/com.st.stm32cube.ide.mcu.externaltools.gnu-tools-for-stm32.11.3.rel1.win32_1.1.100.202309141235/tools/bin/../lib/gcc/arm-none-eabi/11.3.1/../../../../arm-none-eabi/lib/thumb/v7e-m+fp/hard\libc_nano.a(libc_a-memcpy-stub.o)
 .ARM.attributes
                0x0000000000000579       0x1e C:/ST/STM32CubeIDE_1.14.0/STM32CubeIDE/plugins/com.st.stm32cube.ide.mcu.externaltools.gnu-tools-for-stm32.11.3.rel1.win32_1.1.100.202309141235/tools/bin/../lib/gcc/arm-none-eabi/11.3.1/thumb/v7e-m+fp/hard/crtn.o
OUTPUT(Hardware_interrupt.elf elf32-littlearm)
LOAD linker stubs
LOAD C:/ST/STM32CubeIDE_1.14.0/STM32CubeIDE/plugins/com.st.stm32cube.ide.mcu.externaltools.gnu-tools-for-stm32.11.3.rel1.win32_1.1.100.202309141235/tools/bin/../lib/gcc/arm-none-eabi/11.3.1/../../../../arm-none-eabi/lib/thumb/v7e-m+fp/hard\libc.a
LOAD C:/ST/STM32CubeIDE_1.14.0/STM32CubeIDE/plugins/com.st.stm32cube.ide.mcu.externaltools.gnu-tools-for-stm32.11.3.rel1.win32_1.1.100.202309141235/tools/bin/../lib/gcc/arm-none-eabi/11.3.1/../../../../arm-none-eabi/lib/thumb/v7e-m+fp/hard\libm.a
LOAD C:/ST/STM32CubeIDE_1.14.0/STM32CubeIDE/plugins/com.st.stm32cube.ide.mcu.externaltools.gnu-tools-for-stm32.11.3.rel1.win32_1.1.100.202309141235/tools/bin/../lib/gcc/arm-none-eabi/11.3.1/thumb/v7e-m+fp/hard\libgcc.a

.comment        0x0000000000000000       0x43
 .comment       0x0000000000000000       0x43 C:/ST/STM32CubeIDE_1.14.0/STM32CubeIDE/plugins/com.st.stm32cube.ide.mcu.externaltools.gnu-tools-for-stm32.11.3.rel1.win32_1.1.100.202309141235/tools/bin/../lib/gcc/arm-none-eabi/11.3.1/thumb/v7e-m+fp/hard/crtbegin.o
                                         0x44 (size before relaxing)
 .comment       0x0000000000000043       0x44 ./Drivers/BSP/STM32469I-Discovery/stm32469i_discovery.o
 .comment       0x0000000000000043       0x44 ./Drivers/CMSIS/system_stm32f4xx.o
 .comment       0x0000000000000043       0x44 ./Drivers/STM32F4xx_HAL_Driver/stm32f4xx_hal.o
 .comment       0x0000000000000043       0x44 ./Drivers/STM32F4xx_HAL_Driver/stm32f4xx_hal_cortex.o
 .comment       0x0000000000000043       0x44 ./Drivers/STM32F4xx_HAL_Driver/stm32f4xx_hal_gpio.o
 .comment       0x0000000000000043       0x44 ./Drivers/STM32F4xx_HAL_Driver/stm32f4xx_hal_pwr_ex.o
 .comment       0x0000000000000043       0x44 ./Drivers/STM32F4xx_HAL_Driver/stm32f4xx_hal_rcc.o
 .comment       0x0000000000000043       0x44 ./Drivers/STM32F4xx_HAL_Driver/stm32f4xx_hal_rcc_ex.o
 .comment       0x0000000000000043       0x44 ./Example/User/main.o
 .comment       0x0000000000000043       0x44 ./Example/User/stm32f4xx_it.o
 .comment       0x0000000000000043       0x44 ./Example/User/syscalls.o

.debug_info     0x0000000000000000     0x64a6
 .debug_info    0x0000000000000000     0x1785 ./Drivers/BSP/STM32469I-Discovery/stm32469i_discovery.o
 .debug_info    0x0000000000001785      0x52e ./Drivers/CMSIS/system_stm32f4xx.o
 .debug_info    0x0000000000001cb3      0x9c6 ./Drivers/STM32F4xx_HAL_Driver/stm32f4xx_hal.o
 .debug_info    0x0000000000002679      0xd99 ./Drivers/STM32F4xx_HAL_Driver/stm32f4xx_hal_cortex.o
 .debug_info    0x0000000000003412      0x6db ./Drivers/STM32F4xx_HAL_Driver/stm32f4xx_hal_gpio.o
 .debug_info    0x0000000000003aed      0x6be ./Drivers/STM32F4xx_HAL_Driver/stm32f4xx_hal_pwr_ex.o
 .debug_info    0x00000000000041ab      0x8d5 ./Drivers/STM32F4xx_HAL_Driver/stm32f4xx_hal_rcc.o
 .debug_info    0x0000000000004a80      0x84d ./Drivers/STM32F4xx_HAL_Driver/stm32f4xx_hal_rcc_ex.o
 .debug_info    0x00000000000052cd       0x23 ./Example/Startup/startup_stm32f469nihx.o
 .debug_info    0x00000000000052f0      0x9c9 ./Example/User/main.o
 .debug_info    0x0000000000005cb9      0x14a ./Example/User/stm32f4xx_it.o
 .debug_info    0x0000000000005e03      0x6a3 ./Example/User/syscalls.o

.debug_abbrev   0x0000000000000000     0x1638
 .debug_abbrev  0x0000000000000000      0x302 ./Drivers/BSP/STM32469I-Discovery/stm32469i_discovery.o
 .debug_abbrev  0x0000000000000302      0x11a ./Drivers/CMSIS/system_stm32f4xx.o
 .debug_abbrev  0x000000000000041c      0x214 ./Drivers/STM32F4xx_HAL_Driver/stm32f4xx_hal.o
 .debug_abbrev  0x0000000000000630      0x328 ./Drivers/STM32F4xx_HAL_Driver/stm32f4xx_hal_cortex.o
 .debug_abbrev  0x0000000000000958      0x1d4 ./Drivers/STM32F4xx_HAL_Driver/stm32f4xx_hal_gpio.o
 .debug_abbrev  0x0000000000000b2c      0x1cf ./Drivers/STM32F4xx_HAL_Driver/stm32f4xx_hal_pwr_ex.o
 .debug_abbrev  0x0000000000000cfb      0x2b6 ./Drivers/STM32F4xx_HAL_Driver/stm32f4xx_hal_rcc.o
 .debug_abbrev  0x0000000000000fb1      0x1e4 ./Drivers/STM32F4xx_HAL_Driver/stm32f4xx_hal_rcc_ex.o
 .debug_abbrev  0x0000000000001195       0x12 ./Example/Startup/startup_stm32f469nihx.o
 .debug_abbrev  0x00000000000011a7      0x23b ./Example/User/main.o
 .debug_abbrev  0x00000000000013e2       0xa0 ./Example/User/stm32f4xx_it.o
 .debug_abbrev  0x0000000000001482      0x1b6 ./Example/User/syscalls.o

.debug_aranges  0x0000000000000000      0x6c8
 .debug_aranges
                0x0000000000000000      0x150 ./Drivers/BSP/STM32469I-Discovery/stm32469i_discovery.o
 .debug_aranges
                0x0000000000000150       0x28 ./Drivers/CMSIS/system_stm32f4xx.o
 .debug_aranges
                0x0000000000000178      0x100 ./Drivers/STM32F4xx_HAL_Driver/stm32f4xx_hal.o
 .debug_aranges
                0x0000000000000278      0x120 ./Drivers/STM32F4xx_HAL_Driver/stm32f4xx_hal_cortex.o
 .debug_aranges
                0x0000000000000398       0x58 ./Drivers/STM32F4xx_HAL_Driver/stm32f4xx_hal_gpio.o
 .debug_aranges
                0x00000000000003f0       0x60 ./Drivers/STM32F4xx_HAL_Driver/stm32f4xx_hal_pwr_ex.o
 .debug_aranges
                0x0000000000000450       0x88 ./Drivers/STM32F4xx_HAL_Driver/stm32f4xx_hal_rcc.o
 .debug_aranges
                0x00000000000004d8       0x70 ./Drivers/STM32F4xx_HAL_Driver/stm32f4xx_hal_rcc_ex.o
 .debug_aranges
                0x0000000000000548       0x28 ./Example/Startup/startup_stm32f469nihx.o
 .debug_aranges
                0x0000000000000570       0x48 ./Example/User/main.o
 .debug_aranges
                0x00000000000005b8       0x68 ./Example/User/stm32f4xx_it.o
 .debug_aranges
                0x0000000000000620       0xa8 ./Example/User/syscalls.o

.debug_rnglists
                0x0000000000000000      0x4f4
 .debug_rnglists
                0x0000000000000000       0xfb ./Drivers/BSP/STM32469I-Discovery/stm32469i_discovery.o
 .debug_rnglists
                0x00000000000000fb       0x1a ./Drivers/CMSIS/system_stm32f4xx.o
 .debug_rnglists
                0x0000000000000115       0xbb ./Drivers/STM32F4xx_HAL_Driver/stm32f4xx_hal.o
 .debug_rnglists
                0x00000000000001d0       0xd4 ./Drivers/STM32F4xx_HAL_Driver/stm32f4xx_hal_cortex.o
 .debug_rnglists
                0x00000000000002a4       0x3f ./Drivers/STM32F4xx_HAL_Driver/stm32f4xx_hal_gpio.o
 .debug_rnglists
                0x00000000000002e3       0x47 ./Drivers/STM32F4xx_HAL_Driver/stm32f4xx_hal_pwr_ex.o
 .debug_rnglists
                0x000000000000032a       0x66 ./Drivers/STM32F4xx_HAL_Driver/stm32f4xx_hal_rcc.o
 .debug_rnglists
                0x0000000000000390       0x57 ./Drivers/STM32F4xx_HAL_Driver/stm32f4xx_hal_rcc_ex.o
 .debug_rnglists
                0x00000000000003e7       0x19 ./Example/Startup/startup_stm32f469nihx.o
 .debug_rnglists
                0x0000000000000400       0x32 ./Example/User/main.o
 .debug_rnglists
                0x0000000000000432       0x49 ./Example/User/stm32f4xx_it.o
 .debug_rnglists
                0x000000000000047b       0x79 ./Example/User/syscalls.o

.debug_macro    0x0000000000000000    0x2ad4a
 .debug_macro   0x0000000000000000      0x1f6 ./Drivers/BSP/STM32469I-Discovery/stm32469i_discovery.o
 .debug_macro   0x00000000000001f6      0xaa8 ./Drivers/BSP/STM32469I-Discovery/stm32469i_discovery.o
 .debug_macro   0x0000000000000c9e      0x1a6 ./Drivers/BSP/STM32469I-Discovery/stm32469i_discovery.o
 .debug_macro   0x0000000000000e44       0x2e ./Drivers/BSP/STM32469I-Discovery/stm32469i_discovery.o
 .debug_macro   0x0000000000000e72       0x28 ./Drivers/BSP/STM32469I-Discovery/stm32469i_discovery.o
 .debug_macro   0x0000000000000e9a       0x22 ./Drivers/BSP/STM32469I-Discovery/stm32469i_discovery.o
 .debug_macro   0x0000000000000ebc       0x8e ./Drivers/BSP/STM32469I-Discovery/stm32469i_discovery.o
 .debug_macro   0x0000000000000f4a       0x51 ./Drivers/BSP/STM32469I-Discovery/stm32469i_discovery.o
 .debug_macro   0x0000000000000f9b      0x103 ./Drivers/BSP/STM32469I-Discovery/stm32469i_discovery.o
 .debug_macro   0x000000000000109e       0x6a ./Drivers/BSP/STM32469I-Discovery/stm32469i_discovery.o
 .debug_macro   0x0000000000001108      0x1df ./Drivers/BSP/STM32469I-Discovery/stm32469i_discovery.o
 .debug_macro   0x00000000000012e7       0x1c ./Drivers/BSP/STM32469I-Discovery/stm32469i_discovery.o
 .debug_macro   0x0000000000001303       0x22 ./Drivers/BSP/STM32469I-Discovery/stm32469i_discovery.o
 .debug_macro   0x0000000000001325       0xfb ./Drivers/BSP/STM32469I-Discovery/stm32469i_discovery.o
 .debug_macro   0x0000000000001420     0x1011 ./Drivers/BSP/STM32469I-Discovery/stm32469i_discovery.o
 .debug_macro   0x0000000000002431      0x11f ./Drivers/BSP/STM32469I-Discovery/stm32469i_discovery.o
 .debug_macro   0x0000000000002550    0x1d76d ./Drivers/BSP/STM32469I-Discovery/stm32469i_discovery.o
 .debug_macro   0x000000000001fcbd       0x6d ./Drivers/BSP/STM32469I-Discovery/stm32469i_discovery.o
 .debug_macro   0x000000000001fd2a     0x3703 ./Drivers/BSP/STM32469I-Discovery/stm32469i_discovery.o
 .debug_macro   0x000000000002342d      0x174 ./Drivers/BSP/STM32469I-Discovery/stm32469i_discovery.o
 .debug_macro   0x00000000000235a1       0x5c ./Drivers/BSP/STM32469I-Discovery/stm32469i_discovery.o
 .debug_macro   0x00000000000235fd      0xde0 ./Drivers/BSP/STM32469I-Discovery/stm32469i_discovery.o
 .debug_macro   0x00000000000243dd      0x9e9 ./Drivers/BSP/STM32469I-Discovery/stm32469i_discovery.o
 .debug_macro   0x0000000000024dc6      0x115 ./Drivers/BSP/STM32469I-Discovery/stm32469i_discovery.o
 .debug_macro   0x0000000000024edb      0x192 ./Drivers/BSP/STM32469I-Discovery/stm32469i_discovery.o
 .debug_macro   0x000000000002506d       0xa5 ./Drivers/BSP/STM32469I-Discovery/stm32469i_discovery.o
 .debug_macro   0x0000000000025112      0x287 ./Drivers/BSP/STM32469I-Discovery/stm32469i_discovery.o
 .debug_macro   0x0000000000025399       0x5f ./Drivers/BSP/STM32469I-Discovery/stm32469i_discovery.o
 .debug_macro   0x00000000000253f8      0x236 ./Drivers/BSP/STM32469I-Discovery/stm32469i_discovery.o
 .debug_macro   0x000000000002562e      0x132 ./Drivers/BSP/STM32469I-Discovery/stm32469i_discovery.o
 .debug_macro   0x0000000000025760      0x41d ./Drivers/BSP/STM32469I-Discovery/stm32469i_discovery.o
 .debug_macro   0x0000000000025b7d       0x2e ./Drivers/BSP/STM32469I-Discovery/stm32469i_discovery.o
 .debug_macro   0x0000000000025bab      0x1b5 ./Drivers/BSP/STM32469I-Discovery/stm32469i_discovery.o
 .debug_macro   0x0000000000025d60       0x22 ./Drivers/BSP/STM32469I-Discovery/stm32469i_discovery.o
 .debug_macro   0x0000000000025d82       0xd6 ./Drivers/BSP/STM32469I-Discovery/stm32469i_discovery.o
 .debug_macro   0x0000000000025e58      0x127 ./Drivers/BSP/STM32469I-Discovery/stm32469i_discovery.o
 .debug_macro   0x0000000000025f7f       0xe2 ./Drivers/BSP/STM32469I-Discovery/stm32469i_discovery.o
 .debug_macro   0x0000000000026061       0x89 ./Drivers/BSP/STM32469I-Discovery/stm32469i_discovery.o
 .debug_macro   0x00000000000260ea      0x2aa ./Drivers/BSP/STM32469I-Discovery/stm32469i_discovery.o
 .debug_macro   0x0000000000026394      0x134 ./Drivers/BSP/STM32469I-Discovery/stm32469i_discovery.o
 .debug_macro   0x00000000000264c8      0x232 ./Drivers/BSP/STM32469I-Discovery/stm32469i_discovery.o
 .debug_macro   0x00000000000266fa      0x1cf ./Drivers/CMSIS/system_stm32f4xx.o
 .debug_macro   0x00000000000268c9      0x229 ./Drivers/STM32F4xx_HAL_Driver/stm32f4xx_hal.o
 .debug_macro   0x0000000000026af2      0x1c9 ./Drivers/STM32F4xx_HAL_Driver/stm32f4xx_hal_cortex.o
 .debug_macro   0x0000000000026cbb      0x1cf ./Drivers/STM32F4xx_HAL_Driver/stm32f4xx_hal_gpio.o
 .debug_macro   0x0000000000026e8a      0x1e1 ./Drivers/STM32F4xx_HAL_Driver/stm32f4xx_hal_pwr_ex.o
 .debug_macro   0x000000000002706b      0x1ed ./Drivers/STM32F4xx_HAL_Driver/stm32f4xx_hal_rcc.o
 .debug_macro   0x0000000000027258      0x1c9 ./Drivers/STM32F4xx_HAL_Driver/stm32f4xx_hal_rcc_ex.o
 .debug_macro   0x0000000000027421      0x1e1 ./Example/User/main.o
 .debug_macro   0x0000000000027602      0xc0a ./Example/User/main.o
 .debug_macro   0x000000000002820c       0x1c ./Example/User/main.o
 .debug_macro   0x0000000000028228     0x1011 ./Example/User/main.o
 .debug_macro   0x0000000000029239      0x17b ./Example/User/main.o
 .debug_macro   0x00000000000293b4      0x238 ./Example/User/main.o
 .debug_macro   0x00000000000295ec      0x1e6 ./Example/User/stm32f4xx_it.o
 .debug_macro   0x00000000000297d2      0x274 ./Example/User/syscalls.o
 .debug_macro   0x0000000000029a46       0x5b ./Example/User/syscalls.o
 .debug_macro   0x0000000000029aa1       0x2a ./Example/User/syscalls.o
 .debug_macro   0x0000000000029acb       0x94 ./Example/User/syscalls.o
 .debug_macro   0x0000000000029b5f       0x43 ./Example/User/syscalls.o
 .debug_macro   0x0000000000029ba2       0x34 ./Example/User/syscalls.o
 .debug_macro   0x0000000000029bd6       0x57 ./Example/User/syscalls.o
 .debug_macro   0x0000000000029c2d      0x369 ./Example/User/syscalls.o
 .debug_macro   0x0000000000029f96       0x16 ./Example/User/syscalls.o
 .debug_macro   0x0000000000029fac       0x43 ./Example/User/syscalls.o
 .debug_macro   0x0000000000029fef       0x34 ./Example/User/syscalls.o
 .debug_macro   0x000000000002a023       0x10 ./Example/User/syscalls.o
 .debug_macro   0x000000000002a033       0x58 ./Example/User/syscalls.o
 .debug_macro   0x000000000002a08b       0x8e ./Example/User/syscalls.o
 .debug_macro   0x000000000002a119       0x1c ./Example/User/syscalls.o
 .debug_macro   0x000000000002a135      0x177 ./Example/User/syscalls.o
 .debug_macro   0x000000000002a2ac       0x10 ./Example/User/syscalls.o
 .debug_macro   0x000000000002a2bc       0x35 ./Example/User/syscalls.o
 .debug_macro   0x000000000002a2f1       0x10 ./Example/User/syscalls.o
 .debug_macro   0x000000000002a301       0x10 ./Example/User/syscalls.o
 .debug_macro   0x000000000002a311       0x10 ./Example/User/syscalls.o
 .debug_macro   0x000000000002a321       0x1c ./Example/User/syscalls.o
 .debug_macro   0x000000000002a33d       0x52 ./Example/User/syscalls.o
 .debug_macro   0x000000000002a38f       0x22 ./Example/User/syscalls.o
 .debug_macro   0x000000000002a3b1       0x10 ./Example/User/syscalls.o
 .debug_macro   0x000000000002a3c1       0x52 ./Example/User/syscalls.o
 .debug_macro   0x000000000002a413       0xcf ./Example/User/syscalls.o
 .debug_macro   0x000000000002a4e2       0x1c ./Example/User/syscalls.o
 .debug_macro   0x000000000002a4fe       0x3d ./Example/User/syscalls.o
 .debug_macro   0x000000000002a53b       0x35 ./Example/User/syscalls.o
 .debug_macro   0x000000000002a570      0x12c ./Example/User/syscalls.o
 .debug_macro   0x000000000002a69c       0x16 ./Example/User/syscalls.o
 .debug_macro   0x000000000002a6b2       0x16 ./Example/User/syscalls.o
 .debug_macro   0x000000000002a6c8       0x29 ./Example/User/syscalls.o
 .debug_macro   0x000000000002a6f1       0x10 ./Example/User/syscalls.o
 .debug_macro   0x000000000002a701      0x242 ./Example/User/syscalls.o
 .debug_macro   0x000000000002a943       0x1c ./Example/User/syscalls.o
 .debug_macro   0x000000000002a95f       0x10 ./Example/User/syscalls.o
 .debug_macro   0x000000000002a96f       0x10 ./Example/User/syscalls.o
 .debug_macro   0x000000000002a97f       0x16 ./Example/User/syscalls.o
 .debug_macro   0x000000000002a995      0x147 ./Example/User/syscalls.o
 .debug_macro   0x000000000002aadc      0x18a ./Example/User/syscalls.o
 .debug_macro   0x000000000002ac66       0x16 ./Example/User/syscalls.o
 .debug_macro   0x000000000002ac7c       0xce ./Example/User/syscalls.o

.debug_line     0x0000000000000000     0x7a1b
 .debug_line    0x0000000000000000      0xc9c ./Drivers/BSP/STM32469I-Discovery/stm32469i_discovery.o
 .debug_line    0x0000000000000c9c      0x80a ./Drivers/CMSIS/system_stm32f4xx.o
 .debug_line    0x00000000000014a6      0xa8a ./Drivers/STM32F4xx_HAL_Driver/stm32f4xx_hal.o
 .debug_line    0x0000000000001f30      0xd20 ./Drivers/STM32F4xx_HAL_Driver/stm32f4xx_hal_cortex.o
 .debug_line    0x0000000000002c50      0xbf0 ./Drivers/STM32F4xx_HAL_Driver/stm32f4xx_hal_gpio.o
 .debug_line    0x0000000000003840      0x97d ./Drivers/STM32F4xx_HAL_Driver/stm32f4xx_hal_pwr_ex.o
 .debug_line    0x00000000000041bd      0xdd9 ./Drivers/STM32F4xx_HAL_Driver/stm32f4xx_hal_rcc.o
 .debug_line    0x0000000000004f96     0x1062 ./Drivers/STM32F4xx_HAL_Driver/stm32f4xx_hal_rcc_ex.o
 .debug_line    0x0000000000005ff8       0x7a ./Example/Startup/startup_stm32f469nihx.o
 .debug_line    0x0000000000006072      0x87a ./Example/User/main.o
 .debug_line    0x00000000000068ec      0x879 ./Example/User/stm32f4xx_it.o
 .debug_line    0x0000000000007165      0x8b6 ./Example/User/syscalls.o

.debug_str      0x0000000000000000    0xf210b
 .debug_str     0x0000000000000000    0xea95a ./Drivers/BSP/STM32469I-Discovery/stm32469i_discovery.o
                                      0xead46 (size before relaxing)
 .debug_str     0x00000000000ea95a      0x117 ./Drivers/CMSIS/system_stm32f4xx.o
                                      0xe8f9e (size before relaxing)
 .debug_str     0x00000000000eaa71      0x690 ./Drivers/STM32F4xx_HAL_Driver/stm32f4xx_hal.o
                                      0xe9bc7 (size before relaxing)
 .debug_str     0x00000000000eb101      0x366 ./Drivers/STM32F4xx_HAL_Driver/stm32f4xx_hal_cortex.o
                                      0xe98c3 (size before relaxing)
 .debug_str     0x00000000000eb467      0x129 ./Drivers/STM32F4xx_HAL_Driver/stm32f4xx_hal_gpio.o
                                      0xe9109 (size before relaxing)
 .debug_str     0x00000000000eb590      0x161 ./Drivers/STM32F4xx_HAL_Driver/stm32f4xx_hal_pwr_ex.o
                                      0xe9166 (size before relaxing)
 .debug_str     0x00000000000eb6f1      0x36a ./Drivers/STM32F4xx_HAL_Driver/stm32f4xx_hal_rcc.o
                                      0xe93c7 (size before relaxing)
 .debug_str     0x00000000000eba5b      0x27b ./Drivers/STM32F4xx_HAL_Driver/stm32f4xx_hal_rcc_ex.o
                                      0xe92e3 (size before relaxing)
 .debug_str     0x00000000000ebcd6       0x37 ./Example/Startup/startup_stm32f469nihx.o
                                         0x79 (size before relaxing)
 .debug_str     0x00000000000ebd0d      0xaf7 ./Example/User/main.o
                                      0xeacc5 (size before relaxing)
 .debug_str     0x00000000000ec804       0xf5 ./Example/User/stm32f4xx_it.o
                                      0xe9b89 (size before relaxing)
 .debug_str     0x00000000000ec8f9     0x5812 ./Example/User/syscalls.o
                                       0x98b1 (size before relaxing)

.debug_frame    0x0000000000000000     0x205c
 .debug_frame   0x0000000000000000      0x55c ./Drivers/BSP/STM32469I-Discovery/stm32469i_discovery.o
 .debug_frame   0x000000000000055c       0x58 ./Drivers/CMSIS/system_stm32f4xx.o
 .debug_frame   0x00000000000005b4      0x3b4 ./Drivers/STM32F4xx_HAL_Driver/stm32f4xx_hal.o
 .debug_frame   0x0000000000000968      0x4b8 ./Drivers/STM32F4xx_HAL_Driver/stm32f4xx_hal_cortex.o
 .debug_frame   0x0000000000000e20      0x14c ./Drivers/STM32F4xx_HAL_Driver/stm32f4xx_hal_gpio.o
 .debug_frame   0x0000000000000f6c      0x14c ./Drivers/STM32F4xx_HAL_Driver/stm32f4xx_hal_pwr_ex.o
 .debug_frame   0x00000000000010b8      0x1f4 ./Drivers/STM32F4xx_HAL_Driver/stm32f4xx_hal_rcc.o
 .debug_frame   0x00000000000012ac      0x1b4 ./Drivers/STM32F4xx_HAL_Driver/stm32f4xx_hal_rcc_ex.o
 .debug_frame   0x0000000000001460       0xd0 ./Example/User/main.o
 .debug_frame   0x0000000000001530      0x128 ./Example/User/stm32f4xx_it.o
 .debug_frame   0x0000000000001658      0x2ac ./Example/User/syscalls.o
 .debug_frame   0x0000000000001904      0x144 C:/ST/STM32CubeIDE_1.14.0/STM32CubeIDE/plugins/com.st.stm32cube.ide.mcu.externaltools.gnu-tools-for-stm32.11.3.rel1.win32_1.1.100.202309141235/tools/bin/../lib/gcc/arm-none-eabi/11.3.1/../../../../arm-none-eabi/lib/thumb/v7e-m+fp/hard\libc_nano.a(libc_a-findfp.o)
 .debug_frame   0x0000000000001a48       0x38 C:/ST/STM32CubeIDE_1.14.0/STM32CubeIDE/plugins/com.st.stm32cube.ide.mcu.externaltools.gnu-tools-for-stm32.11.3.rel1.win32_1.1.100.202309141235/tools/bin/../lib/gcc/arm-none-eabi/11.3.1/../../../../arm-none-eabi/lib/thumb/v7e-m+fp/hard\libc_nano.a(libc_a-reent.o)
 .debug_frame   0x0000000000001a80       0x20 C:/ST/STM32CubeIDE_1.14.0/STM32CubeIDE/plugins/com.st.stm32cube.ide.mcu.externaltools.gnu-tools-for-stm32.11.3.rel1.win32_1.1.100.202309141235/tools/bin/../lib/gcc/arm-none-eabi/11.3.1/../../../../arm-none-eabi/lib/thumb/v7e-m+fp/hard\libc_nano.a(libc_a-errno.o)
 .debug_frame   0x0000000000001aa0       0x2c C:/ST/STM32CubeIDE_1.14.0/STM32CubeIDE/plugins/com.st.stm32cube.ide.mcu.externaltools.gnu-tools-for-stm32.11.3.rel1.win32_1.1.100.202309141235/tools/bin/../lib/gcc/arm-none-eabi/11.3.1/../../../../arm-none-eabi/lib/thumb/v7e-m+fp/hard\libc_nano.a(libc_a-init.o)
 .debug_frame   0x0000000000001acc       0x2c C:/ST/STM32CubeIDE_1.14.0/STM32CubeIDE/plugins/com.st.stm32cube.ide.mcu.externaltools.gnu-tools-for-stm32.11.3.rel1.win32_1.1.100.202309141235/tools/bin/../lib/gcc/arm-none-eabi/11.3.1/thumb/v7e-m+fp/hard\libgcc.a(_aeabi_uldivmod.o)
 .debug_frame   0x0000000000001af8       0x34 C:/ST/STM32CubeIDE_1.14.0/STM32CubeIDE/plugins/com.st.stm32cube.ide.mcu.externaltools.gnu-tools-for-stm32.11.3.rel1.win32_1.1.100.202309141235/tools/bin/../lib/gcc/arm-none-eabi/11.3.1/thumb/v7e-m+fp/hard\libgcc.a(_udivmoddi4.o)
 .debug_frame   0x0000000000001b2c      0x2d4 C:/ST/STM32CubeIDE_1.14.0/STM32CubeIDE/plugins/com.st.stm32cube.ide.mcu.externaltools.gnu-tools-for-stm32.11.3.rel1.win32_1.1.100.202309141235/tools/bin/../lib/gcc/arm-none-eabi/11.3.1/thumb/v7e-m+fp/hard\libgcc.a(unwind-arm.o)
 .debug_frame   0x0000000000001e00      0x104 C:/ST/STM32CubeIDE_1.14.0/STM32CubeIDE/plugins/com.st.stm32cube.ide.mcu.externaltools.gnu-tools-for-stm32.11.3.rel1.win32_1.1.100.202309141235/tools/bin/../lib/gcc/arm-none-eabi/11.3.1/thumb/v7e-m+fp/hard\libgcc.a(pr-support.o)
 .debug_frame   0x0000000000001f04       0x28 C:/ST/STM32CubeIDE_1.14.0/STM32CubeIDE/plugins/com.st.stm32cube.ide.mcu.externaltools.gnu-tools-for-stm32.11.3.rel1.win32_1.1.100.202309141235/tools/bin/../lib/gcc/arm-none-eabi/11.3.1/../../../../arm-none-eabi/lib/thumb/v7e-m+fp/hard\libc_nano.a(libc_a-abort.o)
 .debug_frame   0x0000000000001f2c       0xcc C:/ST/STM32CubeIDE_1.14.0/STM32CubeIDE/plugins/com.st.stm32cube.ide.mcu.externaltools.gnu-tools-for-stm32.11.3.rel1.win32_1.1.100.202309141235/tools/bin/../lib/gcc/arm-none-eabi/11.3.1/../../../../arm-none-eabi/lib/thumb/v7e-m+fp/hard\libc_nano.a(libc_a-signal.o)
 .debug_frame   0x0000000000001ff8       0x3c C:/ST/STM32CubeIDE_1.14.0/STM32CubeIDE/plugins/com.st.stm32cube.ide.mcu.externaltools.gnu-tools-for-stm32.11.3.rel1.win32_1.1.100.202309141235/tools/bin/../lib/gcc/arm-none-eabi/11.3.1/../../../../arm-none-eabi/lib/thumb/v7e-m+fp/hard\libc_nano.a(libc_a-signalr.o)
 .debug_frame   0x0000000000002034       0x28 C:/ST/STM32CubeIDE_1.14.0/STM32CubeIDE/plugins/com.st.stm32cube.ide.mcu.externaltools.gnu-tools-for-stm32.11.3.rel1.win32_1.1.100.202309141235/tools/bin/../lib/gcc/arm-none-eabi/11.3.1/../../../../arm-none-eabi/lib/thumb/v7e-m+fp/hard\libc_nano.a(libc_a-memcpy-stub.o)

.debug_line_str
                0x0000000000000000       0x6d
 .debug_line_str
                0x0000000000000000       0x6d ./Example/Startup/startup_stm32f469nihx.o
                                         0x85 (size before relaxing)
