C:/Users/alile/Desktop/FinalProject2/GPIO_EXTI/Src/main.c:13:17:static void ClockManager::Configure()	96	static
C:/Users/alile/Desktop/FinalProject2/GPIO_EXTI/Src/main.c:61:17:static void IndicatorLED::Initialize()	8	static
C:/Users/alile/Desktop/FinalProject2/GPIO_EXTI/Src/main.c:68:17:static void IndicatorLED::ToggleState()	8	static
C:/Users/alile/Desktop/FinalProject2/GPIO_EXTI/Src/main.c:83:17:static void InterruptManager::Configure()	32	static
C:/Users/alile/Desktop/FinalProject2/GPIO_EXTI/Src/main.c:102:5:int main()	8	static
C:/Users/alile/Desktop/FinalProject2/GPIO_EXTI/Src/main.c:116:17:void HAL_GPIO_EXTI_Callback(uint16_t)	16	static
